// Jest Snapshot v1, https://goo.gl/fbAQLP

exports[`<Notifications /> component when rendering should render a component matching the snapshot 1`] = `""`;
