// Jest Snapshot v1, https://goo.gl/fbAQLP

exports[`<Main /> component when rendering should render a component matching the snapshot 1`] = `
<main>
  <WithStyles(Notification)
    notifications={
      Array [
        Object {
          "id": "foo",
          "key": "foo",
        },
      ]
    }
  />
  <p
    key="One"
  >
    One
  </p>
  <p
    key="Two"
  >
    Two
  </p>
</main>
`;
