// Jest Snapshot v1, https://goo.gl/fbAQLP

exports[`<DeleteTodoModal /> when rendering should render a component matching the snapshot 1`] = `""`;
